bun test v1.3.5 (1e86cebd)
[Memory:FileBackend] Initialized at C:\Users\fujos\.pai-test-experiment-validation\mem-store
[Memory:FileBackend] Initialized at C:\Users\fujos\.pai-memory-work\tests\usage-integration-1768445749846\mem-store
[Memory:FileBackend] Stored segment seg_usage_001 at C:\Users\fujos\.pai-memory-work\tests\usage-integration-1768445749846\mem-store\segments\2026-01\seg_usage_001.md
[Memory:FileBackend] Stored segment seg_usage_002 at C:\Users\fujos\.pai-memory-work\tests\usage-integration-1768445749846\mem-store\segments\2026-01\seg_usage_002.md
[Memory:FileBackend] Stored segment seg_usage_003 at C:\Users\fujos\.pai-memory-work\tests\usage-integration-1768445749846\mem-store\segments\2026-01\seg_usage_003.md
[Memory:FileBackend] Initialized at C:\Users\fujos\.pai-memory-work\tests\usage-integration-1768445749846\mem-store
[Memory:FileBackend] Initialized at C:\Users\fujos\.pai-memory-work\tests\usage-ranking-1768445750562\mem-store
[Memory:FileBackend] Stored segment seg_rank_001 at C:\Users\fujos\.pai-memory-work\tests\usage-ranking-1768445750562\mem-store\segments\2026-01\seg_rank_001.md
[Memory:FileBackend] Stored segment seg_rank_002 at C:\Users\fujos\.pai-memory-work\tests\usage-ranking-1768445750562\mem-store\segments\2026-01\seg_rank_002.md
[Memory:FileBackend] Initialized at C:\Users\fujos\.pai-memory-work\tests\usage-ranking-1768445750562\mem-store
[Memory:FileBackend] Initialized at C:\Users\fujos\.pai-memory-work\tests\usage-integration-1768445749846\mem-store
[Memory:FileBackend] Initialized at C:\Users\fujos\.pai-test-content-loader\mem-store
[Memory:FileBackend] Initialized at C:\Users\fujos\.pai-test-context-formatter\mem-store
[Memory:FileBackend] Initialized at C:\Users\fujos\.pai-test-pipeline\mem-store
[Memory:FileBackend] Stored segment seg_1768445751747_d333c414 at C:\Users\fujos\.pai-test-pipeline\mem-store\segments\2026-01\seg_1768445751747_d333c414.md
[Memory:FileBackend] Initialized at C:\Users\fujos\.pai-test-pipeline\mem-store
[Memory:FileBackend] Initialized at C:\Users\fujos\.pai-test-pipeline\mem-store
[Memory:FileBackend] Stored segment seg_1768445751789_2ac93d48 at C:\Users\fujos\.pai-test-pipeline\mem-store\segments\2026-01\seg_1768445751789_2ac93d48.md
[Memory:FileBackend] Initialized at C:\Users\fujos\.pai-test-pipeline\mem-store
[Memory:FileBackend] Initialized at C:\Users\fujos\.pai-test-pipeline\mem-store
[Memory:FileBackend] Stored segment seg_1768445751826_682aa5c2 at C:\Users\fujos\.pai-test-pipeline\mem-store\segments\2026-01\seg_1768445751826_682aa5c2.md
[Memory:FileBackend] Stored segment seg_1768445751826_f5c3d155 at C:\Users\fujos\.pai-test-pipeline\mem-store\segments\2026-01\seg_1768445751826_f5c3d155.md
[Memory:FileBackend] Initialized at C:\Users\fujos\.pai-test-usage-tracker\mem-store
[Memory:FileBackend] Stored segment seg_1768445753968_test at C:\Users\fujos\.pai-test-usage-tracker\mem-store\segments\2026-01\seg_1768445753968_test.md
[Memory:FileBackend] Initialized at C:\Users\fujos\.pai-test-usage-tracker\mem-store
[Memory:FileBackend] Updated segment seg_1768445753968_test
[Memory:UsageTracker] Updated usage signals for 1 segments
[Memory:FileBackend] Initialized at C:\Users\fujos\.pai-test-usage-tracker\mem-store
[Memory:FileBackend] Stored segment seg_1768445754003_test at C:\Users\fujos\.pai-test-usage-tracker\mem-store\segments\2026-01\seg_1768445754003_test.md
[Memory:FileBackend] Initialized at C:\Users\fujos\.pai-test-usage-tracker\mem-store
[Memory:FileBackend] Updated segment seg_1768445754003_test
[Memory:UsageTracker] Updated usage signals for 1 segments
[Memory:FileBackend] Initialized at C:\Users\fujos\.pai-test-usage-tracker\mem-store
[Memory:FileBackend] Stored segment seg_batch_1 at C:\Users\fujos\.pai-test-usage-tracker\mem-store\segments\2026-01\seg_batch_1.md
[Memory:FileBackend] Stored segment seg_batch_2 at C:\Users\fujos\.pai-test-usage-tracker\mem-store\segments\2026-01\seg_batch_2.md
[Memory:FileBackend] Stored segment seg_batch_3 at C:\Users\fujos\.pai-test-usage-tracker\mem-store\segments\2026-01\seg_batch_3.md
[Memory:FileBackend] Initialized at C:\Users\fujos\.pai-test-usage-tracker\mem-store
[Memory:FileBackend] Updated segment seg_batch_1
[Memory:FileBackend] Updated segment seg_batch_2
[Memory:FileBackend] Updated segment seg_batch_3
[Memory:UsageTracker] Updated usage signals for 3 segments
[Memory:FileBackend] Initialized at C:\Users\fujos\.pai-test-usage-tracker\mem-store
[Memory:FileBackend] Stored segment seg_partial_1 at C:\Users\fujos\.pai-test-usage-tracker\mem-store\segments\2026-01\seg_partial_1.md
[Memory:FileBackend] Stored segment seg_partial_2 at C:\Users\fujos\.pai-test-usage-tracker\mem-store\segments\2026-01\seg_partial_2.md
[Memory:FileBackend] Initialized at C:\Users\fujos\.pai-test-usage-tracker\mem-store
[Memory:FileBackend] Updated segment seg_partial_1
[Memory:FileBackend] Updated segment seg_partial_2
[Memory:FileBackend] Initialized at C:\Users\fujos\.pai-test-usage-tracker\mem-store
[Memory:FileBackend] Initialized at C:\Users\fujos\.pai-test-usage-tracker\mem-store
[Memory:FileBackend] Initialized at C:\Users\fujos\.pai-test-usage-tracker\mem-store
[Memory:FileBackend] Initialized at C:\Users\fujos\.pai-test-file-backend\mem-store
[Memory:FileBackend] Stored segment seg_1704912345000_a1b2c3d4 at C:\Users\fujos\.pai-test-file-backend\mem-store\segments\2024-01\seg_1704912345000_a1b2c3d4.md
[Memory:FileBackend] Stored segment seg_2025060012345_x1y2z3 at C:\Users\fujos\.pai-test-file-backend\mem-store\segments\2025-06\seg_2025060012345_x1y2z3.md
[Memory:FileBackend] Stored segment seg_1704912345001_frontmatter at C:\Users\fujos\.pai-test-file-backend\mem-store\segments\2024-01\seg_1704912345001_frontmatter.md
[Memory:FileBackend] Stored segment seg_1704912345002_result at C:\Users\fujos\.pai-test-file-backend\mem-store\segments\2024-01\seg_1704912345002_result.md
[Memory:FileBackend] Stored segment seg_1704912345003_retrieve at C:\Users\fujos\.pai-test-file-backend\mem-store\segments\2024-01\seg_1704912345003_retrieve.md
[Memory:FileBackend] Stored segment seg_1704912345004_fields at C:\Users\fujos\.pai-test-file-backend\mem-store\segments\2024-01\seg_1704912345004_fields.md
[Memory:FileBackend] Stored segment seg_1704912345010_query1 at C:\Users\fujos\.pai-test-file-backend\mem-store\segments\2024-01\seg_1704912345010_query1.md
[Memory:FileBackend] Stored segment seg_1704912345011_query2 at C:\Users\fujos\.pai-test-file-backend\mem-store\segments\2024-01\seg_1704912345011_query2.md
[Memory:FileBackend] Stored segment seg_1704912345012_query3 at C:\Users\fujos\.pai-test-file-backend\mem-store\segments\2024-01\seg_1704912345012_query3.md
[Memory:FileBackend] Stored segment seg_1704912345020_delete at C:\Users\fujos\.pai-test-file-backend\mem-store\segments\2024-01\seg_1704912345020_delete.md
[Memory:FileBackend] Deleted segment seg_1704912345020_delete
[Memory:FileBackend] Stored segment seg_1704912345021_delete2 at C:\Users\fujos\.pai-test-file-backend\mem-store\segments\2024-01\seg_1704912345021_delete2.md
[Memory:FileBackend] Deleted segment seg_1704912345021_delete2
[Memory:FileBackend] Stored segment seg_invalid_timestamp at C:\Users\fujos\.pai-test-file-backend\mem-store\segments\2026-01\seg_invalid_timestamp.md
[Memory:FileBackend] Stored segment seg_1704912345030_registry at C:\Users\fujos\.pai-test-file-backend\mem-store\segments\2024-01\seg_1704912345030_registry.md
[Memory:FileBackend] Stored segment seg_1704912345040_concurrent2 at C:\Users\fujos\.pai-test-file-backend\mem-store\segments\2024-01\seg_1704912345040_concurrent2.md
[Memory:FileBackend] Stored segment seg_1704912345040_concurrent1 at C:\Users\fujos\.pai-test-file-backend\mem-store\segments\2024-01\seg_1704912345040_concurrent1.md
[Memory:FileBackend] Stored segment seg_1704912345040_concurrent4 at C:\Users\fujos\.pai-test-file-backend\mem-store\segments\2024-01\seg_1704912345040_concurrent4.md
[Memory:FileBackend] Stored segment seg_1704912345040_concurrent0 at C:\Users\fujos\.pai-test-file-backend\mem-store\segments\2024-01\seg_1704912345040_concurrent0.md
[Memory:FileBackend] Stored segment seg_1704912345040_concurrent3 at C:\Users\fujos\.pai-test-file-backend\mem-store\segments\2024-01\seg_1704912345040_concurrent3.md
[Memory:FileBackend] Stored segment seg_1768445755242_test at C:\Users\fujos\.pai-test-file-backend\mem-store\segments\2026-01\seg_1768445755242_test.md
[Memory:FileBackend] Updated segment seg_1768445755242_test
[Memory:FileBackend] Stored segment seg_1768445755268_test at C:\Users\fujos\.pai-test-file-backend\mem-store\segments\2026-01\seg_1768445755268_test.md
[Memory:FileBackend] Updated segment seg_1768445755268_test
[Memory:FileBackend] Updated segment seg_1768445755268_test
[Memory:FileBackend] Updated segment seg_1768445755268_test
[Memory:FileBackend] Stored segment seg_1768445755320_test at C:\Users\fujos\.pai-test-file-backend\mem-store\segments\2026-01\seg_1768445755320_test.md
[Memory:FileBackend] Updated segment seg_1768445755320_test
[Memory:FileBackend] Stored segment seg_1768445755343_test at C:\Users\fujos\.pai-test-file-backend\mem-store\segments\2026-01\seg_1768445755343_test.md
[Memory:FileBackend] Updated segment seg_1768445755343_test
[Memory:FileBackend] Stored segment seg_1768445755361_test at C:\Users\fujos\.pai-test-file-backend\mem-store\segments\2026-01\seg_1768445755361_test.md
[Memory:FileBackend] Updated segment seg_1768445755361_test
[Memory:FileBackend] Shutdown complete
[Memory:FileBackend] Initialized at C:\Users\fujos\.pai-test-filebackend\mem-store
[Memory:FileBackend] Initialized at C:\Users\fujos\.pai-test-filebackend\mem-store
[Memory:FileBackend] Shutdown complete
[Memory:FileBackend] Initialized at C:\Users\fujos\.pai-test-filebackend\mem-store
[Memory:FileBackend] Stored segment seg_test_1768445757728_6qkx6430 at C:\Users\fujos\.pai-test-filebackend\mem-store\segments\2026-01\seg_test_1768445757728_6qkx6430.md
[Memory:FileBackend] Shutdown complete
[Memory:FileBackend] Initialized at C:\Users\fujos\.pai-test-filebackend\mem-store
[Memory:FileBackend] Stored segment seg_test_1768445757739_j5jm4wx2 at C:\Users\fujos\.pai-test-filebackend\mem-store\segments\2026-01\seg_test_1768445757739_j5jm4wx2.md
[Memory:FileBackend] Shutdown complete
[Memory:FileBackend] Initialized at C:\Users\fujos\.pai-test-filebackend\mem-store
[Memory:FileBackend] Shutdown complete
[Memory:FileBackend] Initialized at C:\Users\fujos\.pai-test-filebackend\mem-store
[Memory:FileBackend] Stored segment seg_test_1768445757763_gzrm2xcx at C:\Users\fujos\.pai-test-filebackend\mem-store\segments\2026-01\seg_test_1768445757763_gzrm2xcx.md
[Memory:FileBackend] Stored segment seg_test_1768445757763_5554dqlv at C:\Users\fujos\.pai-test-filebackend\mem-store\segments\2026-01\seg_test_1768445757763_5554dqlv.md
[Memory:FileBackend] Stored segment seg_test_1768445757763_g9twm9d2 at C:\Users\fujos\.pai-test-filebackend\mem-store\segments\2026-01\seg_test_1768445757763_g9twm9d2.md
[Memory:FileBackend] Shutdown complete
[Memory:FileBackend] Initialized at C:\Users\fujos\.pai-test-filebackend\mem-store
[Memory:FileBackend] Stored segment seg_test_1768445757807_odv4mrko at C:\Users\fujos\.pai-test-filebackend\mem-store\segments\2025-12\seg_test_1768445757807_odv4mrko.md
[Memory:FileBackend] Stored segment seg_test_1768445757807_q9d4n6fc at C:\Users\fujos\.pai-test-filebackend\mem-store\segments\2026-01\seg_test_1768445757807_q9d4n6fc.md
[Memory:FileBackend] Shutdown complete
[Memory:FileBackend] Initialized at C:\Users\fujos\.pai-test-filebackend\mem-store
[Memory:FileBackend] Stored segment seg_test_1768445757839_ekwibddn at C:\Users\fujos\.pai-test-filebackend\mem-store\segments\2026-01\seg_test_1768445757839_ekwibddn.md
[Memory:FileBackend] Stored segment seg_test_1768445757839_g8w0p8ur at C:\Users\fujos\.pai-test-filebackend\mem-store\segments\2026-01\seg_test_1768445757839_g8w0p8ur.md
[Memory:FileBackend] Shutdown complete
[Memory:FileBackend] Initialized at C:\Users\fujos\.pai-test-filebackend\mem-store
[Memory:FileBackend] Stored segment seg_test_1768445757871_44q1i1qy at C:\Users\fujos\.pai-test-filebackend\mem-store\segments\2026-01\seg_test_1768445757871_44q1i1qy.md
[Memory:FileBackend] Stored segment seg_test_1768445757871_x61bs97o at C:\Users\fujos\.pai-test-filebackend\mem-store\segments\2026-01\seg_test_1768445757871_x61bs97o.md
[Memory:FileBackend] Shutdown complete
[Memory:FileBackend] Initialized at C:\Users\fujos\.pai-test-filebackend\mem-store
[Memory:FileBackend] Stored segment seg_test_1768445757902_9atm90pt at C:\Users\fujos\.pai-test-filebackend\mem-store\segments\2026-01\seg_test_1768445757902_9atm90pt.md
[Memory:FileBackend] Updated segment seg_test_1768445757902_9atm90pt
[Memory:FileBackend] Shutdown complete
[Memory:FileBackend] Initialized at C:\Users\fujos\.pai-test-filebackend\mem-store
[Memory:FileBackend] Stored segment seg_test_1768445757923_g7hvwxn0 at C:\Users\fujos\.pai-test-filebackend\mem-store\segments\2026-01\seg_test_1768445757923_g7hvwxn0.md
[Memory:FileBackend] Updated segment seg_test_1768445757923_g7hvwxn0
[Memory:FileBackend] Updated segment seg_test_1768445757923_g7hvwxn0
[Memory:FileBackend] Shutdown complete
[Memory:FileBackend] Initialized at C:\Users\fujos\.pai-test-filebackend\mem-store
[Memory:FileBackend] Stored segment seg_test_1768445757951_ujf36fja at C:\Users\fujos\.pai-test-filebackend\mem-store\segments\2026-01\seg_test_1768445757951_ujf36fja.md
[Memory:FileBackend] Deleted segment seg_test_1768445757951_ujf36fja
[Memory:FileBackend] Shutdown complete
[Memory:FileBackend] Initialized at C:\Users\fujos\.pai-test-filebackend\mem-store
[Memory:FileBackend] Stored segment seg_test_1768445757982_dxyex9w8 at C:\Users\fujos\.pai-test-filebackend\mem-store\segments\2026-01\seg_test_1768445757982_dxyex9w8.md
[Memory:FileBackend] Deleted segment seg_test_1768445757982_dxyex9w8
[Memory:FileBackend] Shutdown complete
[Memory:FileBackend] Initialized at C:\Users\fujos\.pai-test-filebackend\mem-store
[Memory:FileBackend] Shutdown complete
[Memory:FileBackend] Initialized at C:\Users\fujos\.pai-test-filebackend\mem-store
[Memory:FileBackend] Shutdown complete
[Memory:FileBackend] Shutdown complete
[Memory:FileBackend] Initialized at C:\Users\fujos\.pai-test-filebackend\mem-store
[Memory:FileBackend] Shutdown complete
[Memory:FileBackend] Initialized at C:\Users\fujos\.pai-test-filebackend\mem-store
[Memory:FileBackend] Shutdown complete
